Archive member included to satisfy reference by file (symbol)

c:/st/stm32cubeide_1.12.1/stm32cubeide/plugins/com.st.stm32cube.ide.mcu.externaltools.gnu-tools-for-stm32.10.3-2021.10.win32_1.0.200.202301161003/tools/bin/../lib/gcc/arm-none-eabi/10.3.1/../../../../arm-none-eabi/lib/thumb/v7-m/nofp\libc_nano.a(lib_a-errno.o)
                              ./Src/syscalls.o (__errno)
c:/st/stm32cubeide_1.12.1/stm32cubeide/plugins/com.st.stm32cube.ide.mcu.externaltools.gnu-tools-for-stm32.10.3-2021.10.win32_1.0.200.202301161003/tools/bin/../lib/gcc/arm-none-eabi/10.3.1/../../../../arm-none-eabi/lib/thumb/v7-m/nofp\libc_nano.a(lib_a-exit.o)
                              c:/st/stm32cubeide_1.12.1/stm32cubeide/plugins/com.st.stm32cube.ide.mcu.externaltools.gnu-tools-for-stm32.10.3-2021.10.win32_1.0.200.202301161003/tools/bin/../lib/gcc/arm-none-eabi/10.3.1/../../../../arm-none-eabi/lib/thumb/v7-m/nofp/crt0.o (exit)
c:/st/stm32cubeide_1.12.1/stm32cubeide/plugins/com.st.stm32cube.ide.mcu.externaltools.gnu-tools-for-stm32.10.3-2021.10.win32_1.0.200.202301161003/tools/bin/../lib/gcc/arm-none-eabi/10.3.1/../../../../arm-none-eabi/lib/thumb/v7-m/nofp\libc_nano.a(lib_a-impure.o)
                              c:/st/stm32cubeide_1.12.1/stm32cubeide/plugins/com.st.stm32cube.ide.mcu.externaltools.gnu-tools-for-stm32.10.3-2021.10.win32_1.0.200.202301161003/tools/bin/../lib/gcc/arm-none-eabi/10.3.1/../../../../arm-none-eabi/lib/thumb/v7-m/nofp\libc_nano.a(lib_a-exit.o) (_global_impure_ptr)
c:/st/stm32cubeide_1.12.1/stm32cubeide/plugins/com.st.stm32cube.ide.mcu.externaltools.gnu-tools-for-stm32.10.3-2021.10.win32_1.0.200.202301161003/tools/bin/../lib/gcc/arm-none-eabi/10.3.1/../../../../arm-none-eabi/lib/thumb/v7-m/nofp\libc_nano.a(lib_a-init.o)
                              c:/st/stm32cubeide_1.12.1/stm32cubeide/plugins/com.st.stm32cube.ide.mcu.externaltools.gnu-tools-for-stm32.10.3-2021.10.win32_1.0.200.202301161003/tools/bin/../lib/gcc/arm-none-eabi/10.3.1/../../../../arm-none-eabi/lib/thumb/v7-m/nofp/crt0.o (__libc_init_array)
c:/st/stm32cubeide_1.12.1/stm32cubeide/plugins/com.st.stm32cube.ide.mcu.externaltools.gnu-tools-for-stm32.10.3-2021.10.win32_1.0.200.202301161003/tools/bin/../lib/gcc/arm-none-eabi/10.3.1/../../../../arm-none-eabi/lib/thumb/v7-m/nofp\libc_nano.a(lib_a-memset.o)
                              c:/st/stm32cubeide_1.12.1/stm32cubeide/plugins/com.st.stm32cube.ide.mcu.externaltools.gnu-tools-for-stm32.10.3-2021.10.win32_1.0.200.202301161003/tools/bin/../lib/gcc/arm-none-eabi/10.3.1/../../../../arm-none-eabi/lib/thumb/v7-m/nofp/crt0.o (memset)
c:/st/stm32cubeide_1.12.1/stm32cubeide/plugins/com.st.stm32cube.ide.mcu.externaltools.gnu-tools-for-stm32.10.3-2021.10.win32_1.0.200.202301161003/tools/bin/../lib/gcc/arm-none-eabi/10.3.1/thumb/v7-m/nofp\libgcc.a(_arm_muldf3.o)
                              ./Src/HAL_Drivers/Ultrasonic/Ultrasonic_Program.o (__aeabi_dmul)
c:/st/stm32cubeide_1.12.1/stm32cubeide/plugins/com.st.stm32cube.ide.mcu.externaltools.gnu-tools-for-stm32.10.3-2021.10.win32_1.0.200.202301161003/tools/bin/../lib/gcc/arm-none-eabi/10.3.1/thumb/v7-m/nofp\libgcc.a(_arm_addsubdf3.o)
                              ./Src/HAL_Drivers/Ultrasonic/Ultrasonic_Program.o (__aeabi_i2d)
c:/st/stm32cubeide_1.12.1/stm32cubeide/plugins/com.st.stm32cube.ide.mcu.externaltools.gnu-tools-for-stm32.10.3-2021.10.win32_1.0.200.202301161003/tools/bin/../lib/gcc/arm-none-eabi/10.3.1/thumb/v7-m/nofp\libgcc.a(_arm_fixunsdfsi.o)
                              ./Src/HAL_Drivers/Ultrasonic/Ultrasonic_Program.o (__aeabi_d2uiz)

Discarded input sections

 .text          0x0000000000000000        0x0 c:/st/stm32cubeide_1.12.1/stm32cubeide/plugins/com.st.stm32cube.ide.mcu.externaltools.gnu-tools-for-stm32.10.3-2021.10.win32_1.0.200.202301161003/tools/bin/../lib/gcc/arm-none-eabi/10.3.1/thumb/v7-m/nofp/crti.o
 .data          0x0000000000000000        0x0 c:/st/stm32cubeide_1.12.1/stm32cubeide/plugins/com.st.stm32cube.ide.mcu.externaltools.gnu-tools-for-stm32.10.3-2021.10.win32_1.0.200.202301161003/tools/bin/../lib/gcc/arm-none-eabi/10.3.1/thumb/v7-m/nofp/crti.o
 .bss           0x0000000000000000        0x0 c:/st/stm32cubeide_1.12.1/stm32cubeide/plugins/com.st.stm32cube.ide.mcu.externaltools.gnu-tools-for-stm32.10.3-2021.10.win32_1.0.200.202301161003/tools/bin/../lib/gcc/arm-none-eabi/10.3.1/thumb/v7-m/nofp/crti.o
 .data          0x0000000000000000        0x4 c:/st/stm32cubeide_1.12.1/stm32cubeide/plugins/com.st.stm32cube.ide.mcu.externaltools.gnu-tools-for-stm32.10.3-2021.10.win32_1.0.200.202301161003/tools/bin/../lib/gcc/arm-none-eabi/10.3.1/thumb/v7-m/nofp/crtbegin.o
 .rodata        0x0000000000000000       0x24 c:/st/stm32cubeide_1.12.1/stm32cubeide/plugins/com.st.stm32cube.ide.mcu.externaltools.gnu-tools-for-stm32.10.3-2021.10.win32_1.0.200.202301161003/tools/bin/../lib/gcc/arm-none-eabi/10.3.1/thumb/v7-m/nofp/crtbegin.o
[...]
Memory Configuration

Name             Origin             Length             Attributes
RAM              0x0000000020000000 0x0000000000005000 xrw
FLASH            0x0000000008000000 0x0000000000010000 xr
*default*        0x0000000000000000 0xffffffffffffffff

Linker script and memory map

LOAD c:/st/stm32cubeide_1.12.1/stm32cubeide/plugins/com.st.stm32cube.ide.mcu.externaltools.gnu-tools-for-stm32.10.3-2021.10.win32_1.0.200.202301161003/tools/bin/../lib/gcc/arm-none-eabi/10.3.1/thumb/v7-m/nofp/crti.o
LOAD c:/st/stm32cubeide_1.12.1/stm32cubeide/plugins/com.st.stm32cube.ide.mcu.externaltools.gnu-tools-for-stm32.10.3-2021.10.win32_1.0.200.202301161003/tools/bin/../lib/gcc/arm-none-eabi/10.3.1/thumb/v7-m/nofp/crtbegin.o
LOAD c:/st/stm32cubeide_1.12.1/stm32cubeide/plugins/com.st.stm32cube.ide.mcu.externaltools.gnu-tools-for-stm32.10.3-2021.10.win32_1.0.200.202301161003/tools/bin/../lib/gcc/arm-none-eabi/10.3.1/../../../../arm-none-eabi/lib/thumb/v7-m/nofp/crt0.o
LOAD ./Inc/HAL_Drivers/DC_MOTOR/DcMotor_cfg.o
LOAD ./Inc/HAL_Drivers/Ultrasonic/Ultrasonic_cf.o
LOAD ./Inc/HAL_Drivers/WIFI/WIFI_cfg.o
LOAD ./Inc/MCAL_Drivers/FLASH_DRIVER/STM32F103xx_HAL_FPEC_Cfg.o
LOAD ./Inc/MCAL_Drivers/GPIO/STM32F103xx_HAL_GPIO_Cfg.o
LOAD ./Inc/MCAL_Drivers/PWM/STM32F103xx_HAL_PWM_Cfg.o
LOAD ./Inc/MCAL_Drivers/TIMERS/STM32F103xx_HAL_TIMERS_Cfg.o
LOAD ./Inc/MCAL_Drivers/UART/STM32F103xx_HAL_UART_Cfg.o
LOAD ./Src/CortexM3/CortexM3_Core_NIVIC.o
LOAD ./Src/CortexM3/CortexM3_Core_SCB.o
LOAD ./Src/CortexM3/CortexM3_Core_SysTick.o
LOAD ./Src/HAL_Drivers/DC_Motor/DCMotor_Program.o
LOAD ./Src/HAL_Drivers/Ultrasonic/Ultrasonic_Program.o
LOAD ./Src/HAL_Drivers/WIFI/WIFI.o
LOAD ./Src/MCAL_Drivers/FlashDriver/STM32F103xx_HAL_FPEC_Program.o
LOAD ./Src/MCAL_Drivers/GPIO/STM32F103xx_HAL_GPIO.o
LOAD ./Src/MCAL_Drivers/PWM/STM32F103xx_HAL_PWM.o
LOAD ./Src/MCAL_Drivers/RCC/STM32F103xx_HAL_RCC.o
LOAD ./Src/MCAL_Drivers/TIMERS/STM32F103xx_HAL_TIMERS.o
LOAD ./Src/MCAL_Drivers/UART/STM32F103xx_HAL_UART.o
LOAD ./Src/PARSER/PARSER.o
LOAD ./Src/main.o
LOAD ./Src/syscalls.o
LOAD ./Src/sysmem.o
LOAD ./Startup/startup_stm32f103c8tx.o
START GROUP
LOAD c:/st/stm32cubeide_1.12.1/stm32cubeide/plugins/com.st.stm32cube.ide.mcu.externaltools.gnu-tools-for-stm32.10.3-2021.10.win32_1.0.200.202301161003/tools/bin/../lib/gcc/arm-none-eabi/10.3.1/../../../../arm-none-eabi/lib/thumb/v7-m/nofp\libc_nano.a
LOAD c:/st/stm32cubeide_1.12.1/stm32cubeide/plugins/com.st.stm32cube.ide.mcu.externaltools.gnu-tools-for-stm32.10.3-2021.10.win32_1.0.200.202301161003/tools/bin/../lib/gcc/arm-none-eabi/10.3.1/../../../../arm-none-eabi/lib/thumb/v7-m/nofp\libm.a
END GROUP
START GROUP
LOAD c:/st/stm32cubeide_1.12.1/stm32cubeide/plugins/com.st.stm32cube.ide.mcu.externaltools.gnu-tools-for-stm32.10.3-2021.10.win32_1.0.200.202301161003/tools/bin/../lib/gcc/arm-none-eabi/10.3.1/thumb/v7-m/nofp\libgcc.a
LOAD c:/st/stm32cubeide_1.12.1/stm32cubeide/plugins/com.st.stm32cube.ide.mcu.externaltools.gnu-tools-for-stm32.10.3-2021.10.win32_1.0.200.202301161003/tools/bin/../lib/gcc/arm-none-eabi/10.3.1/../../../../arm-none-eabi/lib/thumb/v7-m/nofp\libc_nano.a
END GROUP
START GROUP
LOAD c:/st/stm32cubeide_1.12.1/stm32cubeide/plugins/com.st.stm32cube.ide.mcu.externaltools.gnu-tools-for-stm32.10.3-2021.10.win32_1.0.200.202301161003/tools/bin/../lib/gcc/arm-none-eabi/10.3.1/thumb/v7-m/nofp\libgcc.a
LOAD c:/st/stm32cubeide_1.12.1/stm32cubeide/plugins/com.st.stm32cube.ide.mcu.externaltools.gnu-tools-for-stm32.10.3-2021.10.win32_1.0.200.202301161003/tools/bin/../lib/gcc/arm-none-eabi/10.3.1/../../../../arm-none-eabi/lib/thumb/v7-m/nofp\libc_nano.a
LOAD c:/st/stm32cubeide_1.12.1/stm32cubeide/plugins/com.st.stm32cube.ide.mcu.externaltools.gnu-tools-for-stm32.10.3-2021.10.win32_1.0.200.202301161003/tools/bin/../lib/gcc/arm-none-eabi/10.3.1/../../../../arm-none-eabi/lib/thumb/v7-m/nofp\libnosys.a
END GROUP
START GROUP
LOAD c:/st/stm32cubeide_1.12.1/stm32cubeide/plugins/com.st.stm32cube.ide.mcu.externaltools.gnu-tools-for-stm32.10.3-2021.10.win32_1.0.200.202301161003/tools/bin/../lib/gcc/arm-none-eabi/10.3.1/thumb/v7-m/nofp\libgcc.a
LOAD c:/st/stm32cubeide_1.12.1/stm32cubeide/plugins/com.st.stm32cube.ide.mcu.externaltools.gnu-tools-for-stm32.10.3-2021.10.win32_1.0.200.202301161003/tools/bin/../lib/gcc/arm-none-eabi/10.3.1/../../../../arm-none-eabi/lib/thumb/v7-m/nofp\libc_nano.a
LOAD c:/st/stm32cubeide_1.12.1/stm32cubeide/plugins/com.st.stm32cube.ide.mcu.externaltools.gnu-tools-for-stm32.10.3-2021.10.win32_1.0.200.202301161003/tools/bin/../lib/gcc/arm-none-eabi/10.3.1/../../../../arm-none-eabi/lib/thumb/v7-m/nofp\libnosys.a
END GROUP
LOAD c:/st/stm32cubeide_1.12.1/stm32cubeide/plugins/com.st.stm32cube.ide.mcu.externaltools.gnu-tools-for-stm32.10.3-2021.10.win32_1.0.200.202301161003/tools/bin/../lib/gcc/arm-none-eabi/10.3.1/thumb/v7-m/nofp/crtend.o
LOAD c:/st/stm32cubeide_1.12.1/stm32cubeide/plugins/com.st.stm32cube.ide.mcu.externaltools.gnu-tools-for-stm32.10.3-2021.10.win32_1.0.200.202301161003/tools/bin/../lib/gcc/arm-none-eabi/10.3.1/thumb/v7-m/nofp/crtn.o
                0x0000000020005000                _estack = (ORIGIN (RAM) + LENGTH (RAM))
                0x0000000000000200                _Min_Heap_Size = 0x200
                0x0000000000000400                _Min_Stack_Size = 0x400

.isr_vector     0x0000000008000000      0x130
                0x0000000008000000                . = ALIGN (0x4)
 *(.isr_vector)
 .isr_vector    0x0000000008000000      0x130 ./Startup/startup_stm32f103c8tx.o
                0x0000000008000000                g_pfnVectors
                0x0000000008000130                . = ALIGN (0x4)

.text           0x0000000008000130     0x13bc
                0x0000000008000130                . = ALIGN (0x4)
 *(.text)
 .text          0x0000000008000130       0x40 c:/st/stm32cubeide_1.12.1/stm32cubeide/plugins/com.st.stm32cube.ide.mcu.externaltools.gnu-tools-for-stm32.10.3-2021.10.win32_1.0.200.202301161003/tools/bin/../lib/gcc/arm-none-eabi/10.3.1/thumb/v7-m/nofp/crtbegin.o
 *(.text*)
 .text.Systick_Init
                0x0000000008000170       0x78 ./Src/CortexM3/CortexM3_Core_SysTick.o
                0x0000000008000170                Systick_Init
 .text.Systick_DEInit
                0x00000000080001e8       0x38 ./Src/CortexM3/CortexM3_Core_SysTick.o
                0x00000000080001e8                Systick_DEInit
 .text.Systick_WaitBlocking
                0x0000000008000220       0x54 ./Src/CortexM3/CortexM3_Core_SysTick.o
                0x0000000008000220                Systick_WaitBlocking
 .text.Systick_SingleInterval
                0x0000000008000274       0x50 ./Src/CortexM3/CortexM3_Core_SysTick.o
                0x0000000008000274                Systick_SingleInterval
 .text.SysTick_Handler
                0x00000000080002c4       0x54 ./Src/CortexM3/CortexM3_Core_SysTick.o
                0x00000000080002c4                SysTick_Handler
 .text.ESP_VoidArrayFlush
                0x0000000008000318       0x30 ./Src/HAL_Drivers/WIFI/WIFI.o
                0x0000000008000318                ESP_VoidArrayFlush
 .text.ESP_VoidResponse
                0x0000000008000348      0x1ec ./Src/HAL_Drivers/WIFI/WIFI.o
                0x0000000008000348                ESP_VoidResponse
 .text.ESP_VoidInit
                0x0000000008000534       0x4c ./Src/HAL_Drivers/WIFI/WIFI.o
                0x0000000008000534                ESP_VoidInit
 .text.ESP_VoidWifiConnect
                0x0000000008000580       0x64 ./Src/HAL_Drivers/WIFI/WIFI.o
                0x0000000008000580                ESP_VoidWifiConnect
 .text.ESP_VoidServerConnect
                0x00000000080005e4       0x74 ./Src/HAL_Drivers/WIFI/WIFI.o
                0x00000000080005e4                ESP_VoidServerConnect
 .text.ESP_VoidDataReceive
                0x0000000008000658      0x108 ./Src/HAL_Drivers/WIFI/WIFI.o
                0x0000000008000658                ESP_VoidDataReceive
 .text.ESP_VoidServerRequest
                0x0000000008000760       0xa4 ./Src/HAL_Drivers/WIFI/WIFI.o
                0x0000000008000760                ESP_VoidServerRequest
 .text.FPEC_u8WriteFlash
                0x0000000008000804       0xb0 ./Src/MCAL_Drivers/FlashDriver/STM32F103xx_HAL_FPEC_Program.o
                0x0000000008000804                FPEC_u8WriteFlash
 .text.FPEC_u8FlashPageErase
                0x00000000080008b4       0x94 ./Src/MCAL_Drivers/FlashDriver/STM32F103xx_HAL_FPEC_Program.o
                0x00000000080008b4                FPEC_u8FlashPageErase
 .text.FPEC_voidEraseAPPArea
                0x0000000008000948       0x2e ./Src/MCAL_Drivers/FlashDriver/STM32F103xx_HAL_FPEC_Program.o
                0x0000000008000948                FPEC_voidEraseAPPArea
 *fill*         0x0000000008000976        0x2 
 .text.GPIO_VoidSetPinDirection
                0x0000000008000978      0x228 ./Src/MCAL_Drivers/GPIO/STM32F103xx_HAL_GPIO.o
                0x0000000008000978                GPIO_VoidSetPinDirection
 .text.HAL_RCC_OscConfig
                0x0000000008000ba0       0xf8 ./Src/MCAL_Drivers/RCC/STM32F103xx_HAL_RCC.o
                0x0000000008000ba0                HAL_RCC_OscConfig
 .text.HAL_RCC_ClockConfig
                0x0000000008000c98       0x84 ./Src/MCAL_Drivers/RCC/STM32F103xx_HAL_RCC.o
                0x0000000008000c98                HAL_RCC_ClockConfig
 .text.HAL_RCC_ClockEnable
                0x0000000008000d1c       0x88 ./Src/MCAL_Drivers/RCC/STM32F103xx_HAL_RCC.o
                0x0000000008000d1c                HAL_RCC_ClockEnable
 .text.TIM2_IRQHandler
                0x0000000008000da4       0x1c ./Src/MCAL_Drivers/TIMERS/STM32F103xx_HAL_TIMERS.o
                0x0000000008000da4                TIM2_IRQHandler
 .text.MUSART1_VoidInit
                0x0000000008000dc0       0x48 ./Src/MCAL_Drivers/UART/STM32F103xx_HAL_UART.o
                0x0000000008000dc0                MUSART1_VoidInit
 .text.MUSART1_VoidTransmit
                0x0000000008000e08       0x30 ./Src/MCAL_Drivers/UART/STM32F103xx_HAL_UART.o
                0x0000000008000e08                MUSART1_VoidTransmit
 .text.MUSART1_VoidTransmitArray
                0x0000000008000e38       0x38 ./Src/MCAL_Drivers/UART/STM32F103xx_HAL_UART.o
                0x0000000008000e38                MUSART1_VoidTransmitArray
 .text.MUSART1_VoidReceive
                0x0000000008000e70       0xc4 ./Src/MCAL_Drivers/UART/STM32F103xx_HAL_UART.o
                0x0000000008000e70                MUSART1_VoidReceive
 .text.ConvertRecieveToRecord
                0x0000000008000f34       0x88 ./Src/PARSER/PARSER.o
                0x0000000008000f34                ConvertRecieveToRecord
 .text.ASCITOHEX
                0x0000000008000fbc       0x34 ./Src/PARSER/PARSER.o
                0x0000000008000fbc                ASCITOHEX
 .text.ParseData
                0x0000000008000ff0      0x18c ./Src/PARSER/PARSER.o
                0x0000000008000ff0                ParseData
 .text.ParseUpperAddress
                0x000000000800117c       0x7c ./Src/PARSER/PARSER.o
                0x000000000800117c                ParseUpperAddress
 .text.Parser_voidParseRecord
                0x00000000080011f8       0x30 ./Src/PARSER/PARSER.o
                0x00000000080011f8                Parser_voidParseRecord
 .text.func     0x0000000008001228       0x2c ./Src/main.o
                0x0000000008001228                func
 .text.main     0x0000000008001254      0x1d4 ./Src/main.o
                0x0000000008001254                main
 .text.Reset_Handler
                0x0000000008001428       0x50 ./Startup/startup_stm32f103c8tx.o
                0x0000000008001428                Reset_Handler
 .text.Default_Handler
                0x0000000008001478        0x2 ./Startup/startup_stm32f103c8tx.o
                0x0000000008001478                EXTI2_IRQHandler
                0x0000000008001478                TIM8_TRG_COM_IRQHandler
                0x0000000008001478                TIM8_CC_IRQHandler
                0x0000000008001478                DebugMon_Handler
                0x0000000008001478                TIM1_CC_IRQHandler
                0x0000000008001478                HardFault_Handler
                0x0000000008001478                TIM6_IRQHandler
                0x0000000008001478                PVD_IRQHandler
                0x0000000008001478                SDIO_IRQHandler
                0x0000000008001478                PendSV_Handler
                0x0000000008001478                NMI_Handler
                0x0000000008001478                EXTI3_IRQHandler
                0x0000000008001478                USB_HP_CAN_TX_IRQHandler
                0x0000000008001478                EXTI0_IRQHandler
                0x0000000008001478                I2C2_EV_IRQHandler
                0x0000000008001478                UsageFault_Handler
                0x0000000008001478                ADC1_2_IRQHandler
                0x0000000008001478                SPI1_IRQHandler
                0x0000000008001478                CAN_SCE_IRQHandler
                0x0000000008001478                TAMPER_IRQHandler
                0x0000000008001478                TIM8_UP_IRQHandler
                0x0000000008001478                DMA2_Channel2_IRQHandler
                0x0000000008001478                DMA1_Channel4_IRQHandler
                0x0000000008001478                USART3_IRQHandler
                0x0000000008001478                RTC_IRQHandler
                0x0000000008001478                DMA1_Channel7_IRQHandler
                0x0000000008001478                UART5_IRQHandler
                0x0000000008001478                ADC3_IRQHandler
                0x0000000008001478                TIM4_IRQHandler
                0x0000000008001478                CAN_RX1_IRQHandler
                0x0000000008001478                DMA2_Channel1_IRQHandler
                0x0000000008001478                I2C1_EV_IRQHandler
                0x0000000008001478                DMA1_Channel6_IRQHandler
                0x0000000008001478                UART4_IRQHandler
                0x0000000008001478                TIM3_IRQHandler
                0x0000000008001478                RCC_IRQHandler
                0x0000000008001478                TIM1_TRG_COM_IRQHandler
                0x0000000008001478                DMA1_Channel1_IRQHandler
                0x0000000008001478                Default_Handler
                0x0000000008001478                EXTI15_10_IRQHandler
                0x0000000008001478                TIM7_IRQHandler
                0x0000000008001478                TIM5_IRQHandler
                0x0000000008001478                EXTI9_5_IRQHandler
                0x0000000008001478                SPI2_IRQHandler
                0x0000000008001478                USB_LP_CAN_RX0_IRQHandler
                0x0000000008001478                MemManage_Handler
                0x0000000008001478                SVC_Handler
                0x0000000008001478                DMA1_Channel5_IRQHandler
                0x0000000008001478                EXTI4_IRQHandler
                0x0000000008001478                DMA1_Channel3_IRQHandler
                0x0000000008001478                FSMC_IRQHandler
                0x0000000008001478                TIM1_UP_IRQHandler
                0x0000000008001478                WWDG_IRQHandler
                0x0000000008001478                TIM1_BRK_IRQHandler
                0x0000000008001478                EXTI1_IRQHandler
                0x0000000008001478                RTCAlarm_IRQHandler
                0x0000000008001478                DMA2_Channel4_5_IRQHandler
                0x0000000008001478                USART2_IRQHandler
                0x0000000008001478                I2C2_ER_IRQHandler
                0x0000000008001478                DMA1_Channel2_IRQHandler
                0x0000000008001478                TIM8_BRK_IRQHandler
                0x0000000008001478                FLASH_IRQHandler
                0x0000000008001478                BusFault_Handler
                0x0000000008001478                USART1_IRQHandler
                0x0000000008001478                SPI3_IRQHandler
                0x0000000008001478                I2C1_ER_IRQHandler
                0x0000000008001478                DMA2_Channel3_IRQHandler
 *fill*         0x000000000800147a        0x2 
 .text.__libc_init_array
                0x000000000800147c       0x48 c:/st/stm32cubeide_1.12.1/stm32cubeide/plugins/com.st.stm32cube.ide.mcu.externaltools.gnu-tools-for-stm32.10.3-2021.10.win32_1.0.200.202301161003/tools/bin/../lib/gcc/arm-none-eabi/10.3.1/../../../../arm-none-eabi/lib/thumb/v7-m/nofp\libc_nano.a(lib_a-init.o)
                0x000000000800147c                __libc_init_array
 .text.memset   0x00000000080014c4       0x10 c:/st/stm32cubeide_1.12.1/stm32cubeide/plugins/com.st.stm32cube.ide.mcu.externaltools.gnu-tools-for-stm32.10.3-2021.10.win32_1.0.200.202301161003/tools/bin/../lib/gcc/arm-none-eabi/10.3.1/../../../../arm-none-eabi/lib/thumb/v7-m/nofp\libc_nano.a(lib_a-memset.o)
                0x00000000080014c4                memset
 *(.glue_7)
 .glue_7        0x00000000080014d4        0x0 linker stubs
 *(.glue_7t)
 .glue_7t       0x00000000080014d4        0x0 linker stubs
 *(.eh_frame)
 .eh_frame      0x00000000080014d4        0x0 c:/st/stm32cubeide_1.12.1/stm32cubeide/plugins/com.st.stm32cube.ide.mcu.externaltools.gnu-tools-for-stm32.10.3-2021.10.win32_1.0.200.202301161003/tools/bin/../lib/gcc/arm-none-eabi/10.3.1/thumb/v7-m/nofp/crtbegin.o
 *(.init)
 .init          0x00000000080014d4        0x4 c:/st/stm32cubeide_1.12.1/stm32cubeide/plugins/com.st.stm32cube.ide.mcu.externaltools.gnu-tools-for-stm32.10.3-2021.10.win32_1.0.200.202301161003/tools/bin/../lib/gcc/arm-none-eabi/10.3.1/thumb/v7-m/nofp/crti.o
                0x00000000080014d4                _init
 .init          0x00000000080014d8        0x8 c:/st/stm32cubeide_1.12.1/stm32cubeide/plugins/com.st.stm32cube.ide.mcu.externaltools.gnu-tools-for-stm32.10.3-2021.10.win32_1.0.200.202301161003/tools/bin/../lib/gcc/arm-none-eabi/10.3.1/thumb/v7-m/nofp/crtn.o
 *(.fini)
 .fini          0x00000000080014e0        0x4 c:/st/stm32cubeide_1.12.1/stm32cubeide/plugins/com.st.stm32cube.ide.mcu.externaltools.gnu-tools-for-stm32.10.3-2021.10.win32_1.0.200.202301161003/tools/bin/../lib/gcc/arm-none-eabi/10.3.1/thumb/v7-m/nofp/crti.o
                0x00000000080014e0                _fini
 .fini          0x00000000080014e4        0x8 c:/st/stm32cubeide_1.12.1/stm32cubeide/plugins/com.st.stm32cube.ide.mcu.externaltools.gnu-tools-for-stm32.10.3-2021.10.win32_1.0.200.202301161003/tools/bin/../lib/gcc/arm-none-eabi/10.3.1/thumb/v7-m/nofp/crtn.o
                0x00000000080014ec                . = ALIGN (0x4)
                0x00000000080014ec                _etext = .

.vfp11_veneer   0x00000000080014ec        0x0
 .vfp11_veneer  0x00000000080014ec        0x0 linker stubs

.v4_bx          0x00000000080014ec        0x0
 .v4_bx         0x00000000080014ec        0x0 linker stubs

.iplt           0x00000000080014ec        0x0
 .iplt          0x00000000080014ec        0x0 c:/st/stm32cubeide_1.12.1/stm32cubeide/plugins/com.st.stm32cube.ide.mcu.externaltools.gnu-tools-for-stm32.10.3-2021.10.win32_1.0.200.202301161003/tools/bin/../lib/gcc/arm-none-eabi/10.3.1/thumb/v7-m/nofp/crtbegin.o

.rodata         0x00000000080014ec       0x94
                0x00000000080014ec                . = ALIGN (0x4)
 *(.rodata)
 .rodata        0x00000000080014ec       0x85 ./Src/HAL_Drivers/WIFI/WIFI.o
 *fill*         0x0000000008001571        0x3 
 .rodata        0x0000000008001574        0xb ./Src/main.o
 *(.rodata*)
                0x0000000008001580                . = ALIGN (0x4)
 *fill*         0x000000000800157f        0x1 

.rel.dyn        0x0000000008001580        0x0
 .rel.iplt      0x0000000008001580        0x0 c:/st/stm32cubeide_1.12.1/stm32cubeide/plugins/com.st.stm32cube.ide.mcu.externaltools.gnu-tools-for-stm32.10.3-2021.10.win32_1.0.200.202301161003/tools/bin/../lib/gcc/arm-none-eabi/10.3.1/thumb/v7-m/nofp/crtbegin.o

.ARM.extab      0x0000000008001580        0x0
                0x0000000008001580                . = ALIGN (0x4)
 *(.ARM.extab* .gnu.linkonce.armextab.*)
                0x0000000008001580                . = ALIGN (0x4)

.ARM            0x0000000008001580        0x0
                0x0000000008001580                . = ALIGN (0x4)
                0x0000000008001580                __exidx_start = .
 *(.ARM.exidx*)
                0x0000000008001580                __exidx_end = .
                0x0000000008001580                . = ALIGN (0x4)

.preinit_array  0x0000000008001580        0x0
                0x0000000008001580                . = ALIGN (0x4)
                0x0000000008001580                PROVIDE (__preinit_array_start = .)
 *(.preinit_array*)
                0x0000000008001580                PROVIDE (__preinit_array_end = .)
                0x0000000008001580                . = ALIGN (0x4)

.init_array     0x0000000008001580        0x4
                0x0000000008001580                . = ALIGN (0x4)
                0x0000000008001580                PROVIDE (__init_array_start = .)
 *(SORT_BY_NAME(.init_array.*))
 *(.init_array*)
 .init_array    0x0000000008001580        0x4 c:/st/stm32cubeide_1.12.1/stm32cubeide/plugins/com.st.stm32cube.ide.mcu.externaltools.gnu-tools-for-stm32.10.3-2021.10.win32_1.0.200.202301161003/tools/bin/../lib/gcc/arm-none-eabi/10.3.1/thumb/v7-m/nofp/crtbegin.o
                0x0000000008001584                PROVIDE (__init_array_end = .)
                0x0000000008001584                . = ALIGN (0x4)

.fini_array     0x0000000008001584        0x4
                0x0000000008001584                . = ALIGN (0x4)
                [!provide]                        PROVIDE (__fini_array_start = .)
 *(SORT_BY_NAME(.fini_array.*))
 *(.fini_array*)
 .fini_array    0x0000000008001584        0x4 c:/st/stm32cubeide_1.12.1/stm32cubeide/plugins/com.st.stm32cube.ide.mcu.externaltools.gnu-tools-for-stm32.10.3-2021.10.win32_1.0.200.202301161003/tools/bin/../lib/gcc/arm-none-eabi/10.3.1/thumb/v7-m/nofp/crtbegin.o
                [!provide]                        PROVIDE (__fini_array_end = .)
                0x0000000008001588                . = ALIGN (0x4)
                0x0000000008001588                _sidata = LOADADDR (.data)

.data           0x0000000020000000       0xe8 load address 0x0000000008001588
                0x0000000020000000                . = ALIGN (0x4)
                0x0000000020000000                _sdata = .
 *(.data)
 *(.data*)
 .data.State    0x0000000020000000        0x2 ./Inc/MCAL_Drivers/GPIO/STM32F103xx_HAL_GPIO_Cfg.o
                0x0000000020000000                State
 *fill*         0x0000000020000002        0x2 
 .data.State2   0x0000000020000004        0x2 ./Inc/MCAL_Drivers/GPIO/STM32F103xx_HAL_GPIO_Cfg.o
                0x0000000020000004                State2
 *fill*         0x0000000020000006        0x2 
 .data.Address  0x0000000020000008        0x4 ./Src/PARSER/PARSER.o
                0x0000000020000008                Address
 .data.RCC_Init
                0x000000002000000c        0x6 ./Src/main.o
                0x000000002000000c                RCC_Init
 *fill*         0x0000000020000012        0x2 
 .data.Clock_values1
                0x0000000020000014        0x8 ./Src/main.o
                0x0000000020000014                Clock_values1
 .data.Clock_values2
                0x000000002000001c        0x8 ./Src/main.o
                0x000000002000001c                Clock_values2
 .data.Clock_values3
                0x0000000020000024        0x8 ./Src/main.o
                0x0000000020000024                Clock_values3
 .data.Sys_Tick_init
                0x000000002000002c        0x8 ./Src/main.o
                0x000000002000002c                Sys_Tick_init
 .data.Update_Check_URL
                0x0000000020000034       0x31 ./Src/main.o
                0x0000000020000034                Update_Check_URL
 *fill*         0x0000000020000065        0x3 
 .data.Receive_RecordPHP
                0x0000000020000068       0x45 ./Src/main.o
                0x0000000020000068                Receive_RecordPHP
 *fill*         0x00000000200000ad        0x3 
 .data.Record_File
                0x00000000200000b0       0x36 ./Src/main.o
                0x00000000200000b0                Record_File
 *(.RamFunc)
 *(.RamFunc*)
                0x00000000200000e8                . = ALIGN (0x4)
 *fill*         0x00000000200000e6        0x2 
                0x00000000200000e8                _edata = .

.igot.plt       0x00000000200000e8        0x0 load address 0x0000000008001670
 .igot.plt      0x00000000200000e8        0x0 c:/st/stm32cubeide_1.12.1/stm32cubeide/plugins/com.st.stm32cube.ide.mcu.externaltools.gnu-tools-for-stm32.10.3-2021.10.win32_1.0.200.202301161003/tools/bin/../lib/gcc/arm-none-eabi/10.3.1/thumb/v7-m/nofp/crtbegin.o
                0x00000000200000e8                . = ALIGN (0x4)

.bss            0x00000000200000e8      0x100 load address 0x0000000008001670
                0x00000000200000e8                _sbss = .
                0x00000000200000e8                __bss_start__ = _sbss
 *(.bss)
 .bss           0x00000000200000e8       0x1c c:/st/stm32cubeide_1.12.1/stm32cubeide/plugins/com.st.stm32cube.ide.mcu.externaltools.gnu-tools-for-stm32.10.3-2021.10.win32_1.0.200.202301161003/tools/bin/../lib/gcc/arm-none-eabi/10.3.1/thumb/v7-m/nofp/crtbegin.o
 *(.bss*)
 .bss.Ptr_function
                0x0000000020000104        0x4 ./Src/CortexM3/CortexM3_Core_SysTick.o
 .bss.Systick_Mode
                0x0000000020000108        0x1 ./Src/CortexM3/CortexM3_Core_SysTick.o
 .bss.Disconnect_Flag
                0x0000000020000109        0x1 ./Src/HAL_Drivers/WIFI/WIFI.o
                0x0000000020000109                Disconnect_Flag
 .bss.SEND_FAILED_Flag
                0x000000002000010a        0x1 ./Src/HAL_Drivers/WIFI/WIFI.o
                0x000000002000010a                SEND_FAILED_Flag
 .bss.WIFI_Connect_FLAG
                0x000000002000010b        0x1 ./Src/HAL_Drivers/WIFI/WIFI.o
                0x000000002000010b                WIFI_Connect_FLAG
 .bss.HTTP_Request_FLAG
                0x000000002000010c        0x1 ./Src/HAL_Drivers/WIFI/WIFI.o
                0x000000002000010c                HTTP_Request_FLAG
 .bss.SERVER_FLAG_WRITE
                0x000000002000010d        0x1 ./Src/HAL_Drivers/WIFI/WIFI.o
                0x000000002000010d                SERVER_FLAG_WRITE
 *fill*         0x000000002000010e        0x2 
 .bss.Timer_ptr
                0x0000000020000110        0x4 ./Src/MCAL_Drivers/TIMERS/STM32F103xx_HAL_TIMERS.o
                0x0000000020000110                Timer_ptr
 .bss.Data      0x0000000020000114       0xc8 ./Src/PARSER/PARSER.o
                0x0000000020000114                Data
 .bss.RCC_CLK_Init
                0x00000000200001dc        0x3 ./Src/main.o
                0x00000000200001dc                RCC_CLK_Init
 *fill*         0x00000000200001df        0x1 
 .bss.add_to_call
                0x00000000200001e0        0x4 ./Src/main.o
                0x00000000200001e0                add_to_call
 .bss.NO_RECORD_RECEIVED_FLAG
                0x00000000200001e4        0x1 ./Src/main.o
                0x00000000200001e4                NO_RECORD_RECEIVED_FLAG
 .bss.URL_Request_FLAG
                0x00000000200001e5        0x1 ./Src/main.o
                0x00000000200001e5                URL_Request_FLAG
 *(COMMON)
                0x00000000200001e8                . = ALIGN (0x4)
 *fill*         0x00000000200001e6        0x2 
                0x00000000200001e8                _ebss = .
                0x00000000200001e8                __bss_end__ = _ebss

._user_heap_stack
                0x00000000200001e8      0x600 load address 0x0000000008001670
                0x00000000200001e8                . = ALIGN (0x8)
                [!provide]                        PROVIDE (end = .)
                0x00000000200001e8                PROVIDE (_end = .)
                0x00000000200003e8                . = (. + _Min_Heap_Size)
 *fill*         0x00000000200001e8      0x200 
                0x00000000200007e8                . = (. + _Min_Stack_Size)
 *fill*         0x00000000200003e8      0x400 
                0x00000000200007e8                . = ALIGN (0x8)

/DISCARD/
 libc.a(*)
 libm.a(*)
 libgcc.a(*)

.ARM.attributes
                0x0000000000000000       0x29
 *(.ARM.attributes)
 .ARM.attributes
                0x0000000000000000       0x1d c:/st/stm32cubeide_1.12.1/stm32cubeide/plugins/com.st.stm32cube.ide.mcu.externaltools.gnu-tools-for-stm32.10.3-2021.10.win32_1.0.200.202301161003/tools/bin/../lib/gcc/arm-none-eabi/10.3.1/thumb/v7-m/nofp/crti.o
 .ARM.attributes
                0x000000000000001d       0x2d c:/st/stm32cubeide_1.12.1/stm32cubeide/plugins/com.st.stm32cube.ide.mcu.externaltools.gnu-tools-for-stm32.10.3-2021.10.win32_1.0.200.202301161003/tools/bin/../lib/gcc/arm-none-eabi/10.3.1/thumb/v7-m/nofp/crtbegin.o
 .ARM.attributes
                0x000000000000004a       0x2d ./Inc/MCAL_Drivers/GPIO/STM32F103xx_HAL_GPIO_Cfg.o
 .ARM.attributes
                0x0000000000000077       0x2d ./Src/CortexM3/CortexM3_Core_SysTick.o
 .ARM.attributes
                0x00000000000000a4       0x2d ./Src/HAL_Drivers/WIFI/WIFI.o
 .ARM.attributes
                0x00000000000000d1       0x2d ./Src/MCAL_Drivers/FlashDriver/STM32F103xx_HAL_FPEC_Program.o
 .ARM.attributes
                0x00000000000000fe       0x2d ./Src/MCAL_Drivers/GPIO/STM32F103xx_HAL_GPIO.o
 .ARM.attributes
                0x000000000000012b       0x2d ./Src/MCAL_Drivers/RCC/STM32F103xx_HAL_RCC.o
 .ARM.attributes
                0x0000000000000158       0x2d ./Src/MCAL_Drivers/TIMERS/STM32F103xx_HAL_TIMERS.o
 .ARM.attributes
                0x0000000000000185       0x2d ./Src/MCAL_Drivers/UART/STM32F103xx_HAL_UART.o
 .ARM.attributes
                0x00000000000001b2       0x2d ./Src/PARSER/PARSER.o
 .ARM.attributes
                0x00000000000001df       0x2d ./Src/main.o
 .ARM.attributes
                0x000000000000020c       0x21 ./Startup/startup_stm32f103c8tx.o
 .ARM.attributes
                0x000000000000022d       0x2d c:/st/stm32cubeide_1.12.1/stm32cubeide/plugins/com.st.stm32cube.ide.mcu.externaltools.gnu-tools-for-stm32.10.3-2021.10.win32_1.0.200.202301161003/tools/bin/../lib/gcc/arm-none-eabi/10.3.1/../../../../arm-none-eabi/lib/thumb/v7-m/nofp\libc_nano.a(lib_a-init.o)
 .ARM.attributes
                0x000000000000025a       0x2d c:/st/stm32cubeide_1.12.1/stm32cubeide/plugins/com.st.stm32cube.ide.mcu.externaltools.gnu-tools-for-stm32.10.3-2021.10.win32_1.0.200.202301161003/tools/bin/../lib/gcc/arm-none-eabi/10.3.1/../../../../arm-none-eabi/lib/thumb/v7-m/nofp\libc_nano.a(lib_a-memset.o)
 .ARM.attributes
                0x0000000000000287       0x1d c:/st/stm32cubeide_1.12.1/stm32cubeide/plugins/com.st.stm32cube.ide.mcu.externaltools.gnu-tools-for-stm32.10.3-2021.10.win32_1.0.200.202301161003/tools/bin/../lib/gcc/arm-none-eabi/10.3.1/thumb/v7-m/nofp/crtn.o
OUTPUT(FOTA_Version2.0.elf elf32-littlearm)
LOAD linker stubs
LOAD c:/st/stm32cubeide_1.12.1/stm32cubeide/plugins/com.st.stm32cube.ide.mcu.externaltools.gnu-tools-for-stm32.10.3-2021.10.win32_1.0.200.202301161003/tools/bin/../lib/gcc/arm-none-eabi/10.3.1/../../../../arm-none-eabi/lib/thumb/v7-m/nofp\libc.a
LOAD c:/st/stm32cubeide_1.12.1/stm32cubeide/plugins/com.st.stm32cube.ide.mcu.externaltools.gnu-tools-for-stm32.10.3-2021.10.win32_1.0.200.202301161003/tools/bin/../lib/gcc/arm-none-eabi/10.3.1/../../../../arm-none-eabi/lib/thumb/v7-m/nofp\libm.a
LOAD c:/st/stm32cubeide_1.12.1/stm32cubeide/plugins/com.st.stm32cube.ide.mcu.externaltools.gnu-tools-for-stm32.10.3-2021.10.win32_1.0.200.202301161003/tools/bin/../lib/gcc/arm-none-eabi/10.3.1/thumb/v7-m/nofp\libgcc.a

.debug_info     0x0000000000000000     0x2562
 .debug_info    0x0000000000000000      0x1e5 ./Inc/MCAL_Drivers/GPIO/STM32F103xx_HAL_GPIO_Cfg.o
 .debug_info    0x00000000000001e5      0x2c2 ./Src/CortexM3/CortexM3_Core_SysTick.o
 .debug_info    0x00000000000004a7      0x32a ./Src/HAL_Drivers/WIFI/WIFI.o
 .debug_info    0x00000000000007d1      0x1f7 ./Src/MCAL_Drivers/FlashDriver/STM32F103xx_HAL_FPEC_Program.o
 .debug_info    0x00000000000009c8      0x35e ./Src/MCAL_Drivers/GPIO/STM32F103xx_HAL_GPIO.o
 .debug_info    0x0000000000000d26      0x5b5 ./Src/MCAL_Drivers/RCC/STM32F103xx_HAL_RCC.o
 .debug_info    0x00000000000012db      0x519 ./Src/MCAL_Drivers/TIMERS/STM32F103xx_HAL_TIMERS.o
 .debug_info    0x00000000000017f4      0x21d ./Src/MCAL_Drivers/UART/STM32F103xx_HAL_UART.o
 .debug_info    0x0000000000001a11      0x306 ./Src/PARSER/PARSER.o
 .debug_info    0x0000000000001d17      0x829 ./Src/main.o
 .debug_info    0x0000000000002540       0x22 ./Startup/startup_stm32f103c8tx.o

.debug_abbrev   0x0000000000000000      0xba6
 .debug_abbrev  0x0000000000000000       0x7c ./Inc/MCAL_Drivers/GPIO/STM32F103xx_HAL_GPIO_Cfg.o
 .debug_abbrev  0x000000000000007c      0x140 ./Src/CortexM3/CortexM3_Core_SysTick.o
 .debug_abbrev  0x00000000000001bc      0x156 ./Src/HAL_Drivers/WIFI/WIFI.o
 .debug_abbrev  0x0000000000000312      0x111 ./Src/MCAL_Drivers/FlashDriver/STM32F103xx_HAL_FPEC_Program.o
 .debug_abbrev  0x0000000000000423      0x103 ./Src/MCAL_Drivers/GPIO/STM32F103xx_HAL_GPIO.o
 .debug_abbrev  0x0000000000000526      0x102 ./Src/MCAL_Drivers/RCC/STM32F103xx_HAL_RCC.o
 .debug_abbrev  0x0000000000000628      0x1a1 ./Src/MCAL_Drivers/TIMERS/STM32F103xx_HAL_TIMERS.o
 .debug_abbrev  0x00000000000007c9      0x142 ./Src/MCAL_Drivers/UART/STM32F103xx_HAL_UART.o
 .debug_abbrev  0x000000000000090b      0x116 ./Src/PARSER/PARSER.o
 .debug_abbrev  0x0000000000000a21      0x173 ./Src/main.o
 .debug_abbrev  0x0000000000000b94       0x12 ./Startup/startup_stm32f103c8tx.o

.debug_aranges  0x0000000000000000      0x2c8
 .debug_aranges
                0x0000000000000000       0x18 ./Inc/MCAL_Drivers/GPIO/STM32F103xx_HAL_GPIO_Cfg.o
 .debug_aranges
                0x0000000000000018       0x50 ./Src/CortexM3/CortexM3_Core_SysTick.o
 .debug_aranges
                0x0000000000000068       0x50 ./Src/HAL_Drivers/WIFI/WIFI.o
 .debug_aranges
                0x00000000000000b8       0x40 ./Src/MCAL_Drivers/FlashDriver/STM32F103xx_HAL_FPEC_Program.o
 .debug_aranges
                0x00000000000000f8       0x38 ./Src/MCAL_Drivers/GPIO/STM32F103xx_HAL_GPIO.o
 .debug_aranges
                0x0000000000000130       0x40 ./Src/MCAL_Drivers/RCC/STM32F103xx_HAL_RCC.o
 .debug_aranges
                0x0000000000000170       0x88 ./Src/MCAL_Drivers/TIMERS/STM32F103xx_HAL_TIMERS.o
 .debug_aranges
                0x00000000000001f8       0x40 ./Src/MCAL_Drivers/UART/STM32F103xx_HAL_UART.o
 .debug_aranges
                0x0000000000000238       0x40 ./Src/PARSER/PARSER.o
 .debug_aranges
                0x0000000000000278       0x28 ./Src/main.o
 .debug_aranges
                0x00000000000002a0       0x28 ./Startup/startup_stm32f103c8tx.o

.debug_macro    0x0000000000000000      0x745
 .debug_macro   0x0000000000000000       0x1b ./Inc/MCAL_Drivers/GPIO/STM32F103xx_HAL_GPIO_Cfg.o
 .debug_macro   0x000000000000001b       0x3c ./Src/CortexM3/CortexM3_Core_SysTick.o
 .debug_macro   0x0000000000000057       0x4c ./Src/CortexM3/CortexM3_Core_SysTick.o
 .debug_macro   0x00000000000000a3       0x7e ./Src/HAL_Drivers/WIFI/WIFI.o
 .debug_macro   0x0000000000000121       0x28 ./Src/HAL_Drivers/WIFI/WIFI.o
 .debug_macro   0x0000000000000149       0x22 ./Src/HAL_Drivers/WIFI/WIFI.o
 .debug_macro   0x000000000000016b       0x34 ./Src/HAL_Drivers/WIFI/WIFI.o
 .debug_macro   0x000000000000019f       0x36 ./Src/MCAL_Drivers/FlashDriver/STM32F103xx_HAL_FPEC_Program.o
 .debug_macro   0x00000000000001d5       0xd0 ./Src/MCAL_Drivers/FlashDriver/STM32F103xx_HAL_FPEC_Program.o
 .debug_macro   0x00000000000002a5       0x36 ./Src/MCAL_Drivers/GPIO/STM32F103xx_HAL_GPIO.o
 .debug_macro   0x00000000000002db       0x46 ./Src/MCAL_Drivers/GPIO/STM32F103xx_HAL_GPIO.o
 .debug_macro   0x0000000000000321       0x3c ./Src/MCAL_Drivers/RCC/STM32F103xx_HAL_RCC.o
 .debug_macro   0x000000000000035d      0x124 ./Src/MCAL_Drivers/RCC/STM32F103xx_HAL_RCC.o
 .debug_macro   0x0000000000000481       0x36 ./Src/MCAL_Drivers/TIMERS/STM32F103xx_HAL_TIMERS.o
 .debug_macro   0x00000000000004b7       0xe8 ./Src/MCAL_Drivers/TIMERS/STM32F103xx_HAL_TIMERS.o
 .debug_macro   0x000000000000059f       0x3f ./Src/MCAL_Drivers/UART/STM32F103xx_HAL_UART.o
 .debug_macro   0x00000000000005de       0x34 ./Src/MCAL_Drivers/UART/STM32F103xx_HAL_UART.o
 .debug_macro   0x0000000000000612       0x40 ./Src/PARSER/PARSER.o
 .debug_macro   0x0000000000000652       0x10 ./Src/PARSER/PARSER.o
 .debug_macro   0x0000000000000662       0xe3 ./Src/main.o

.debug_line     0x0000000000000000     0x1d8f
 .debug_line    0x0000000000000000       0x72 ./Inc/MCAL_Drivers/GPIO/STM32F103xx_HAL_GPIO_Cfg.o
 .debug_line    0x0000000000000072      0x201 ./Src/CortexM3/CortexM3_Core_SysTick.o
 .debug_line    0x0000000000000273      0x5b2 ./Src/HAL_Drivers/WIFI/WIFI.o
 .debug_line    0x0000000000000825      0x261 ./Src/MCAL_Drivers/FlashDriver/STM32F103xx_HAL_FPEC_Program.o
 .debug_line    0x0000000000000a86      0x309 ./Src/MCAL_Drivers/GPIO/STM32F103xx_HAL_GPIO.o
 .debug_line    0x0000000000000d8f      0x26b ./Src/MCAL_Drivers/RCC/STM32F103xx_HAL_RCC.o
 .debug_line    0x0000000000000ffa      0x403 ./Src/MCAL_Drivers/TIMERS/STM32F103xx_HAL_TIMERS.o
 .debug_line    0x00000000000013fd      0x260 ./Src/MCAL_Drivers/UART/STM32F103xx_HAL_UART.o
 .debug_line    0x000000000000165d      0x33e ./Src/PARSER/PARSER.o
 .debug_line    0x000000000000199b      0x370 ./Src/main.o
 .debug_line    0x0000000000001d0b       0x84 ./Startup/startup_stm32f103c8tx.o

.debug_str      0x0000000000000000     0x5271
 .debug_str     0x0000000000000000     0x2fda ./Inc/MCAL_Drivers/GPIO/STM32F103xx_HAL_GPIO_Cfg.o
                                       0x2ff3 (size before relaxing)
 .debug_str     0x0000000000002fda      0x3ff ./Src/CortexM3/CortexM3_Core_SysTick.o
                                       0x30e1 (size before relaxing)
 .debug_str     0x00000000000033d9      0x46e ./Src/HAL_Drivers/WIFI/WIFI.o
                                       0x338e (size before relaxing)
 .debug_str     0x0000000000003847      0x3e3 ./Src/MCAL_Drivers/FlashDriver/STM32F103xx_HAL_FPEC_Program.o
                                       0x3194 (size before relaxing)
 .debug_str     0x0000000000003c2a      0x1c4 ./Src/MCAL_Drivers/GPIO/STM32F103xx_HAL_GPIO.o
                                       0x328f (size before relaxing)
 .debug_str     0x0000000000003dee      0x947 ./Src/MCAL_Drivers/RCC/STM32F103xx_HAL_RCC.o
                                       0x3726 (size before relaxing)
 .debug_str     0x0000000000004735      0x631 ./Src/MCAL_Drivers/TIMERS/STM32F103xx_HAL_TIMERS.o
                                       0x33dc (size before relaxing)
 .debug_str     0x0000000000004d66      0x197 ./Src/MCAL_Drivers/UART/STM32F103xx_HAL_UART.o
                                       0x3032 (size before relaxing)
 .debug_str     0x0000000000004efd      0x1d1 ./Src/PARSER/PARSER.o
                                       0x2fd5 (size before relaxing)
 .debug_str     0x00000000000050ce      0x172 ./Src/main.o
                                       0x3f48 (size before relaxing)
 .debug_str     0x0000000000005240       0x31 ./Startup/startup_stm32f103c8tx.o
                                         0x58 (size before relaxing)

.comment        0x0000000000000000       0x50
 .comment       0x0000000000000000       0x50 ./Inc/MCAL_Drivers/GPIO/STM32F103xx_HAL_GPIO_Cfg.o
                                         0x51 (size before relaxing)
 .comment       0x0000000000000050       0x51 ./Src/CortexM3/CortexM3_Core_SysTick.o
 .comment       0x0000000000000050       0x51 ./Src/HAL_Drivers/WIFI/WIFI.o
 .comment       0x0000000000000050       0x51 ./Src/MCAL_Drivers/FlashDriver/STM32F103xx_HAL_FPEC_Program.o
 .comment       0x0000000000000050       0x51 ./Src/MCAL_Drivers/GPIO/STM32F103xx_HAL_GPIO.o
 .comment       0x0000000000000050       0x51 ./Src/MCAL_Drivers/RCC/STM32F103xx_HAL_RCC.o
 .comment       0x0000000000000050       0x51 ./Src/MCAL_Drivers/TIMERS/STM32F103xx_HAL_TIMERS.o
 .comment       0x0000000000000050       0x51 ./Src/MCAL_Drivers/UART/STM32F103xx_HAL_UART.o
 .comment       0x0000000000000050       0x51 ./Src/PARSER/PARSER.o
 .comment       0x0000000000000050       0x51 ./Src/main.o

.debug_ranges   0x0000000000000000      0x218
 .debug_ranges  0x0000000000000000       0x40 ./Src/CortexM3/CortexM3_Core_SysTick.o
 .debug_ranges  0x0000000000000040       0x40 ./Src/HAL_Drivers/WIFI/WIFI.o
 .debug_ranges  0x0000000000000080       0x30 ./Src/MCAL_Drivers/FlashDriver/STM32F103xx_HAL_FPEC_Program.o
 .debug_ranges  0x00000000000000b0       0x28 ./Src/MCAL_Drivers/GPIO/STM32F103xx_HAL_GPIO.o
 .debug_ranges  0x00000000000000d8       0x30 ./Src/MCAL_Drivers/RCC/STM32F103xx_HAL_RCC.o
 .debug_ranges  0x0000000000000108       0x78 ./Src/MCAL_Drivers/TIMERS/STM32F103xx_HAL_TIMERS.o
 .debug_ranges  0x0000000000000180       0x30 ./Src/MCAL_Drivers/UART/STM32F103xx_HAL_UART.o
 .debug_ranges  0x00000000000001b0       0x30 ./Src/PARSER/PARSER.o
 .debug_ranges  0x00000000000001e0       0x18 ./Src/main.o
 .debug_ranges  0x00000000000001f8       0x20 ./Startup/startup_stm32f103c8tx.o

.debug_frame    0x0000000000000000      0x8b0
 .debug_frame   0x0000000000000000      0x114 ./Src/CortexM3/CortexM3_Core_SysTick.o
 .debug_frame   0x0000000000000114      0x114 ./Src/HAL_Drivers/WIFI/WIFI.o
 .debug_frame   0x0000000000000228       0xc4 ./Src/MCAL_Drivers/FlashDriver/STM32F103xx_HAL_FPEC_Program.o
 .debug_frame   0x00000000000002ec       0xb0 ./Src/MCAL_Drivers/GPIO/STM32F103xx_HAL_GPIO.o
 .debug_frame   0x000000000000039c       0xd8 ./Src/MCAL_Drivers/RCC/STM32F103xx_HAL_RCC.o
 .debug_frame   0x0000000000000474      0x20c ./Src/MCAL_Drivers/TIMERS/STM32F103xx_HAL_TIMERS.o
 .debug_frame   0x0000000000000680       0xcc ./Src/MCAL_Drivers/UART/STM32F103xx_HAL_UART.o
 .debug_frame   0x000000000000074c       0xcc ./Src/PARSER/PARSER.o
 .debug_frame   0x0000000000000818       0x4c ./Src/main.o
 .debug_frame   0x0000000000000864       0x2c c:/st/stm32cubeide_1.12.1/stm32cubeide/plugins/com.st.stm32cube.ide.mcu.externaltools.gnu-tools-for-stm32.10.3-2021.10.win32_1.0.200.202301161003/tools/bin/../lib/gcc/arm-none-eabi/10.3.1/../../../../arm-none-eabi/lib/thumb/v7-m/nofp\libc_nano.a(lib_a-init.o)
 .debug_frame   0x0000000000000890       0x20 c:/st/stm32cubeide_1.12.1/stm32cubeide/plugins/com.st.stm32cube.ide.mcu.externaltools.gnu-tools-for-stm32.10.3-2021.10.win32_1.0.200.202301161003/tools/bin/../lib/gcc/arm-none-eabi/10.3.1/../../../../arm-none-eabi/lib/thumb/v7-m/nofp\libc_nano.a(lib_a-memset.o)
