../Src/CortexM3/CortexM3_Core_SysTick.c:13:18:Systick_Init	24	static
../Src/CortexM3/CortexM3_Core_SysTick.c:32:6:Systick_DEInit	4	static
../Src/CortexM3/CortexM3_Core_SysTick.c:40:6:Systick_WaitBlocking	16	static
../Src/CortexM3/CortexM3_Core_SysTick.c:53:6:Systick_SingleInterval	16	static
../Src/CortexM3/CortexM3_Core_SysTick.c:64:6:Systick_PeriodicInterval	16	static
../Src/CortexM3/CortexM3_Core_SysTick.c:75:5:SysTick_GetRemainingTicks	16	static
../Src/CortexM3/CortexM3_Core_SysTick.c:82:6:SysTick_Handler	8	static
